Release 13.4 - xst O.87xd (nt64)
Copyright (c) 1995-2011 Xilinx, Inc.  All rights reserved.
--> Parameter TMPDIR set to xst/projnav.tmp


Total REAL time to Xst completion: 1.00 secs
Total CPU time to Xst completion: 0.11 secs
 
--> Parameter xsthdpdir set to xst


Total REAL time to Xst completion: 1.00 secs
Total CPU time to Xst completion: 0.11 secs
 
--> Reading design: interrupt.prj

TABLE OF CONTENTS
  1) Synthesis Options Summary
  2) HDL Parsing
  3) HDL Elaboration
  4) HDL Synthesis
       4.1) HDL Synthesis Report
  5) Advanced HDL Synthesis
       5.1) Advanced HDL Synthesis Report
  6) Low Level Synthesis
  7) Partition Report
  8) Design Summary
       8.1) Primitive and Black Box Usage
       8.2) Device utilization summary
       8.3) Partition Resource Summary
       8.4) Timing Report
            8.4.1) Clock Information
            8.4.2) Asynchronous Control Signals Information
            8.4.3) Timing Summary
            8.4.4) Timing Details
            8.4.5) Cross Clock Domains Report


=========================================================================
*                      Synthesis Options Summary                        *
=========================================================================
---- Source Parameters
Input File Name                    : "interrupt.prj"
Ignore Synthesis Constraint File   : NO

---- Target Parameters
Output File Name                   : "interrupt"
Output Format                      : NGC
Target Device                      : xc6slx16-3-csg324

---- Source Options
Top Module Name                    : interrupt
Automatic FSM Extraction           : YES
FSM Encoding Algorithm             : Auto
Safe Implementation                : No
FSM Style                          : LUT
RAM Extraction                     : Yes
RAM Style                          : Auto
ROM Extraction                     : Yes
Shift Register Extraction          : YES
ROM Style                          : Auto
Resource Sharing                   : YES
Asynchronous To Synchronous        : NO
Shift Register Minimum Size        : 2
Use DSP Block                      : Auto
Automatic Register Balancing       : No

---- Target Options
LUT Combining                      : Auto
Reduce Control Sets                : Auto
Add IO Buffers                     : YES
Global Maximum Fanout              : 100000
Add Generic Clock Buffer(BUFG)     : 16
Register Duplication               : YES
Optimize Instantiated Primitives   : NO
Use Clock Enable                   : Auto
Use Synchronous Set                : Auto
Use Synchronous Reset              : Auto
Pack IO Registers into IOBs        : Auto
Equivalent register Removal        : YES

---- General Options
Optimization Goal                  : Speed
Optimization Effort                : 1
Power Reduction                    : NO
Keep Hierarchy                     : No
Netlist Hierarchy                  : As_Optimized
RTL Output                         : Yes
Global Optimization                : AllClockNets
Read Cores                         : YES
Write Timing Constraints           : NO
Cross Clock Analysis               : NO
Hierarchy Separator                : /
Bus Delimiter                      : <>
Case Specifier                     : Maintain
Slice Utilization Ratio            : 100
BRAM Utilization Ratio             : 100
DSP48 Utilization Ratio            : 100
Auto BRAM Packing                  : NO
Slice Utilization Ratio Delta      : 5

=========================================================================

INFO:Xst - Part-select index evaluated to out of bound value may lead to incorrect synthesis results; it is recommended not to use them in RTL

=========================================================================
*                          HDL Parsing                                  *
=========================================================================
Parsing VHDL file "F:\jizu\interrupt\tristate.vhd" into library work
Parsing entity <tristate>.
Parsing architecture <Behavioral> of entity <tristate>.
Parsing VHDL file "F:\jizu\interrupt\ntristate.vhd" into library work
Parsing entity <ntristate>.
Parsing architecture <Behavioral> of entity <ntristate>.
Parsing VHDL file "F:\jizu\interrupt\DFlip.vhd" into library work
Parsing entity <DFlip>.
Parsing architecture <ffq> of entity <dflip>.
Parsing VHDL file "F:\jizu\interrupt\coreInQueue.vhd" into library work
Parsing entity <coreInQueue>.
Parsing architecture <Behavioral> of entity <coreinqueue>.
Parsing VHDL file "F:\jizu\interrupt\SRlatch.vhd" into library work
Parsing entity <SRlatch>.
Parsing architecture <Behavioral> of entity <srlatch>.
Parsing VHDL file "F:\jizu\interrupt\queue.vhd" into library work
Parsing entity <queue>.
Parsing architecture <Behavioral> of entity <queue>.
Parsing VHDL file "F:\jizu\interrupt\MASK.vhd" into library work
Parsing entity <MASK>.
Parsing architecture <Behavioral> of entity <mask>.
Parsing VHDL file "F:\jizu\interrupt\interface.vhd" into library work
Parsing entity <interface>.
Parsing architecture <Behavioral> of entity <interface>.
Parsing VHDL file "F:\jizu\interrupt\deviceEncode.vhd" into library work
Parsing entity <deviceEncode>.
Parsing architecture <Behavioral> of entity <deviceencode>.
Parsing VHDL file "F:\jizu\interrupt\interrupt.vhd" into library work
Parsing entity <interrupt>.
Parsing architecture <Behavioral> of entity <interrupt>.
WARNING:HDLCompiler:946 - "F:\jizu\interrupt\interrupt.vhd" Line 97: Actual for formal port s is neither a static name nor a globally static expression
WARNING:HDLCompiler:946 - "F:\jizu\interrupt\interrupt.vhd" Line 98: Actual for formal port r is neither a static name nor a globally static expression

=========================================================================
*                            HDL Elaboration                            *
=========================================================================

Elaborating entity <interrupt> (architecture <Behavioral>) from library <work>.

Elaborating entity <MASK> (architecture <Behavioral>) from library <work>.

Elaborating entity <DFlip> (architecture <ffq>) from library <work>.

Elaborating entity <interface> (architecture <Behavioral>) from library <work>.

Elaborating entity <queue> (architecture <Behavioral>) from library <work>.

Elaborating entity <coreInQueue> (architecture <Behavioral>) from library <work>.

Elaborating entity <deviceEncode> (architecture <Behavioral>) from library <work>.

Elaborating entity <ntristate> (architecture <Behavioral>) from library <work>.

Elaborating entity <tristate> (architecture <Behavioral>) from library <work>.

Elaborating entity <SRlatch> (architecture <Behavioral>) from library <work>.

=========================================================================
*                           HDL Synthesis                               *
=========================================================================

Synthesizing Unit <interrupt>.
    Related source file is "f:/jizu/interrupt/interrupt.vhd".
    Summary:
	no macro.
Unit <interrupt> synthesized.

Synthesizing Unit <MASK>.
    Related source file is "f:/jizu/interrupt/mask.vhd".
    Summary:
	no macro.
Unit <MASK> synthesized.

Synthesizing Unit <DFlip>.
    Related source file is "f:/jizu/interrupt/dflip.vhd".
    Found 1-bit register for signal <Q1>.
    Summary:
	inferred   1 D-type flip-flop(s).
Unit <DFlip> synthesized.

Synthesizing Unit <interface>.
    Related source file is "f:/jizu/interrupt/interface.vhd".
    Summary:
	no macro.
Unit <interface> synthesized.

Synthesizing Unit <queue>.
    Related source file is "f:/jizu/interrupt/queue.vhd".
INFO:Xst:3210 - "f:/jizu/interrupt/queue.vhd" line 52: Output port <floor> of the instance <c4> is unconnected or connected to loadless signal.
    Summary:
	no macro.
Unit <queue> synthesized.

Synthesizing Unit <coreInQueue>.
    Related source file is "f:/jizu/interrupt/coreinqueue.vhd".
    Summary:
	no macro.
Unit <coreInQueue> synthesized.

Synthesizing Unit <deviceEncode>.
    Related source file is "f:/jizu/interrupt/deviceencode.vhd".
    Summary:
	no macro.
Unit <deviceEncode> synthesized.

Synthesizing Unit <ntristate>.
    Related source file is "f:/jizu/interrupt/ntristate.vhd".
    Found 1-bit tristate buffer for signal <Dout> created at line 41
    Summary:
	inferred   1 Tristate(s).
Unit <ntristate> synthesized.

Synthesizing Unit <tristate>.
    Related source file is "f:/jizu/interrupt/tristate.vhd".
    Found 1-bit tristate buffer for signal <Dout> created at line 41
    Summary:
	inferred   1 Tristate(s).
Unit <tristate> synthesized.

Synthesizing Unit <SRlatch>.
    Related source file is "f:/jizu/interrupt/srlatch.vhd".
WARNING:Xst:737 - Found 1-bit latch for signal <Q>. Latches may be generated from incomplete case or if statements. We do not recommend the use of latches in FPGA/CPLD designs, as they may lead to timing problems.
    Summary:
	inferred   1 Latch(s).
Unit <SRlatch> synthesized.

=========================================================================
HDL Synthesis Report

Macro Statistics
# Registers                                            : 8
 1-bit register                                        : 8
# Latches                                              : 2
 1-bit latch                                           : 2
# Tristates                                            : 8
 1-bit tristate buffer                                 : 8

=========================================================================

=========================================================================
*                       Advanced HDL Synthesis                          *
=========================================================================


=========================================================================
Advanced HDL Synthesis Report

Macro Statistics
# Registers                                            : 8
 Flip-Flops                                            : 8

=========================================================================

=========================================================================
*                         Low Level Synthesis                           *
=========================================================================
WARNING:Xst:1989 - Unit <deviceEncode>: instances <d10>, <d11> of unit <ntristate> are equivalent, second instance is removed
WARNING:Xst:1989 - Unit <deviceEncode>: instances <d40>, <d41> of unit <tristate> are equivalent, second instance is removed
WARNING:Xst:2973 - All outputs of instance <d21> of block <tristate> are unconnected in block <deviceEncode>. Underlying logic will be removed.
WARNING:Xst:2973 - All outputs of instance <d31> of block <ntristate> are unconnected in block <deviceEncode>. Underlying logic will be removed.
WARNING:Xst:3002 - This design contains one or more registers/latches that are directly
   incompatible with the Spartan6 architecture. The two primary causes of this is
   either a register or latch described with both an asynchronous set and
   asynchronous reset, or a register or latch described with an asynchronous
   set or reset which however has an initialization value of the opposite 
   polarity (i.e. asynchronous reset with an initialization value of 1).
    While this circuit can be built, it creates a sub-optimal implementation
   in terms of area, power and performance. For a more optimal implementation
   Xilinx highly recommends one of the following:

          1) Remove either the set or reset from all registers and latches
             if not needed for required functionality
          2) Modify the code in order to produce a synchronous set
             and/or reset (both is preferred)
          3) Ensure all registers have the same initialization value as the
             described asynchronous set or reset polarity
          4) Use the -async_to_sync option to transform the asynchronous
             set/reset to synchronous operation
             (timing simulation highly recommended when using this option)

  Please refer to http://www.xilinx.com search string "Spartan6 asynchronous set/reset" for more details.

  List of register instances with asynchronous set and reset:
    int/Q in unit <interrupt>
    eint/Q in unit <interrupt>

WARNING:Xst:2039 - Unit interrupt: 1 multi-source signal is replaced by logic (pull-up yes): Encode<0>_MLTSRCEDGE.

Optimizing unit <interrupt> ...

Mapping all equations...
Building and optimizing final netlist ...
Found area constraint ratio of 100 (+ 5) on block interrupt, actual ratio is 0.

Final Macro Processing ...

=========================================================================
Final Register Report

Macro Statistics
# Registers                                            : 8
 Flip-Flops                                            : 8

=========================================================================

=========================================================================
*                           Partition Report                            *
=========================================================================

Partition Implementation Status
-------------------------------

  No Partitions were found in this design.

-------------------------------

=========================================================================
*                            Design Summary                             *
=========================================================================

Top Level Output File Name         : interrupt.ngc

Primitive and Black Box Usage:
------------------------------
# BELS                             : 14
#      GND                         : 1
#      LUT2                        : 6
#      LUT3                        : 3
#      LUT4                        : 1
#      LUT5                        : 1
#      LUT6                        : 2
# FlipFlops/Latches                : 10
#      FD                          : 8
#      LD                          : 2
# Clock Buffers                    : 1
#      BUFGP                       : 1
# IO Buffers                       : 12
#      IBUF                        : 9
#      OBUF                        : 1
#      OBUFT                       : 2

Device utilization summary:
---------------------------

Selected Device : 6slx16csg324-3 


Slice Logic Utilization: 
 Number of Slice Registers:              10  out of  18224     0%  
 Number of Slice LUTs:                   13  out of   9112     0%  
    Number used as Logic:                13  out of   9112     0%  

Slice Logic Distribution: 
 Number of LUT Flip Flop pairs used:     15
   Number with an unused Flip Flop:       5  out of     15    33%  
   Number with an unused LUT:             2  out of     15    13%  
   Number of fully used LUT-FF pairs:     8  out of     15    53%  
   Number of unique control sets:         3

IO Utilization: 
 Number of IOs:                          13
 Number of bonded IOBs:                  13  out of    232     5%  

Specific Feature Utilization:
 Number of BUFG/BUFGCTRLs:                1  out of     16     6%  

---------------------------
Partition Resource Summary:
---------------------------

  No Partitions were found in this design.

---------------------------


=========================================================================
Timing Report

NOTE: THESE TIMING NUMBERS ARE ONLY A SYNTHESIS ESTIMATE.
      FOR ACCURATE TIMING INFORMATION PLEASE REFER TO THE TRACE REPORT
      GENERATED AFTER PLACE-and-ROUTE.

Clock Information:
------------------
-----------------------------------+------------------------+-------+
Clock Signal                       | Clock buffer(FF name)  | Load  |
-----------------------------------+------------------------+-------+
CLK                                | BUFGP                  | 8     |
eint/Q_G(eint/Q_G:O)               | NONE(*)(eint/Q)        | 1     |
int/Q_G(int/Q_G:O)                 | NONE(*)(int/Q)         | 1     |
-----------------------------------+------------------------+-------+
(*) These 2 clock signal(s) are generated by combinatorial logic,
and XST is not able to identify which are the primary clock signals.
Please use the CLOCK_SIGNAL constraint to specify the clock signal(s) generated by combinatorial logic.
INFO:Xst:2169 - HDL ADVISOR - Some clock signals were not automatically buffered by XST with BUFG/BUFR resources. Please use the buffer_type constraint in order to insert these buffers to the clock signals to help prevent skew problems.

Asynchronous Control Signals Information:
----------------------------------------
No asynchronous control signals found in this design

Timing Summary:
---------------
Speed Grade: -3

   Minimum period: 1.334ns (Maximum Frequency: 749.709MHz)
   Minimum input arrival time before clock: 3.560ns
   Maximum output required time after clock: 4.865ns
   Maximum combinational path delay: No path found

Timing Details:
---------------
All values displayed in nanoseconds (ns)

=========================================================================
Timing constraint: Default period analysis for Clock 'CLK'
  Clock period: 1.334ns (frequency: 749.709MHz)
  Total number of paths / destination ports: 4 / 4
-------------------------------------------------------------------------
Delay:               1.334ns (Levels of Logic = 1)
  Source:            m4/d/Q1 (FF)
  Destination:       i4/intr/Q1 (FF)
  Source Clock:      CLK rising
  Destination Clock: CLK rising

  Data Path: m4/d/Q1 to i4/intr/Q1
                                Gate     Net
    Cell:in->out      fanout   Delay   Delay  Logical Name (Net Name)
    ----------------------------------------  ------------
     FD:C->Q               1   0.447   0.580  m4/d/Q1 (m4/d/Q1)
     LUT2:I1->O            1   0.205   0.000  input<0>1 (input<4>)
     FD:D                      0.102          i4/intr/Q1
    ----------------------------------------
    Total                      1.334ns (0.754ns logic, 0.580ns route)
                                       (56.5% logic, 43.5% route)

=========================================================================
Timing constraint: Default OFFSET IN BEFORE for Clock 'CLK'
  Total number of paths / destination ports: 8 / 8
-------------------------------------------------------------------------
Offset:              2.211ns (Levels of Logic = 2)
  Source:            D<4> (PAD)
  Destination:       i4/intr/Q1 (FF)
  Destination Clock: CLK rising

  Data Path: D<4> to i4/intr/Q1
                                Gate     Net
    Cell:in->out      fanout   Delay   Delay  Logical Name (Net Name)
    ----------------------------------------  ------------
     IBUF:I->O             1   1.222   0.684  D_4_IBUF (D_4_IBUF)
     LUT2:I0->O            1   0.203   0.000  input<0>1 (input<4>)
     FD:D                      0.102          i4/intr/Q1
    ----------------------------------------
    Total                      2.211ns (1.527ns logic, 0.684ns route)
                                       (69.1% logic, 30.9% route)

=========================================================================
Timing constraint: Default OFFSET IN BEFORE for Clock 'eint/Q_G'
  Total number of paths / destination ports: 1 / 1
-------------------------------------------------------------------------
Offset:              2.250ns (Levels of Logic = 2)
  Source:            OpInt (PAD)
  Destination:       eint/Q (LATCH)
  Destination Clock: eint/Q_G falling

  Data Path: OpInt to eint/Q
                                Gate     Net
    Cell:in->out      fanout   Delay   Delay  Logical Name (Net Name)
    ----------------------------------------  ------------
     IBUF:I->O             4   1.222   0.788  OpInt_IBUF (OpInt_IBUF)
     LUT2:I0->O            1   0.203   0.000  eint/Q_D (eint/Q_D)
     LD:D                      0.037          eint/Q
    ----------------------------------------
    Total                      2.250ns (1.462ns logic, 0.788ns route)
                                       (65.0% logic, 35.0% route)

=========================================================================
Timing constraint: Default OFFSET IN BEFORE for Clock 'int/Q_G'
  Total number of paths / destination ports: 2 / 1
-------------------------------------------------------------------------
Offset:              3.560ns (Levels of Logic = 3)
  Source:            OpInt (PAD)
  Destination:       int/Q (LATCH)
  Destination Clock: int/Q_G falling

  Data Path: OpInt to int/Q
                                Gate     Net
    Cell:in->out      fanout   Delay   Delay  Logical Name (Net Name)
    ----------------------------------------  ------------
     IBUF:I->O             4   1.222   1.048  OpInt_IBUF (OpInt_IBUF)
     LUT6:I0->O            2   0.203   0.845  int/S_GND_17_o_AND_13_o1 (int/S_GND_17_o_AND_13_o)
     LUT3:I0->O            1   0.205   0.000  int/Q_D (int/Q_D)
     LD:D                      0.037          int/Q
    ----------------------------------------
    Total                      3.560ns (1.667ns logic, 1.893ns route)
                                       (46.8% logic, 53.2% route)

=========================================================================
Timing constraint: Default OFFSET OUT AFTER for Clock 'CLK'
  Total number of paths / destination ports: 16 / 3
-------------------------------------------------------------------------
Offset:              4.865ns (Levels of Logic = 2)
  Source:            i4/intr/Q1 (FF)
  Destination:       Encode<0> (PAD)
  Source Clock:      CLK rising

  Data Path: i4/intr/Q1 to Encode<0>
                                Gate     Net
    Cell:in->out      fanout   Delay   Delay  Logical Name (Net Name)
    ----------------------------------------  ------------
     FD:C->Q               4   0.447   1.028  i4/intr/Q1 (i4/intr/Q1)
     LUT5:I0->O            2   0.203   0.616  Encode<0>Control1 (N2)
     OBUFT:T->O                2.571          Encode_0_OBUFT (Encode<0>)
    ----------------------------------------
    Total                      4.865ns (3.221ns logic, 1.644ns route)
                                       (66.2% logic, 33.8% route)

=========================================================================
Timing constraint: Default OFFSET OUT AFTER for Clock 'eint/Q_G'
  Total number of paths / destination ports: 4 / 2
-------------------------------------------------------------------------
Offset:              4.574ns (Levels of Logic = 2)
  Source:            eint/Q (LATCH)
  Destination:       Encode<0> (PAD)
  Source Clock:      eint/Q_G falling

  Data Path: eint/Q to Encode<0>
                                Gate     Net
    Cell:in->out      fanout   Delay   Delay  Logical Name (Net Name)
    ----------------------------------------  ------------
     LD:G->Q               4   0.498   0.684  eint/Q (eint/Q)
     LUT3:I2->O            2   0.205   0.616  Encode<0>_MLTSRCEDGELogicTrst1 (Encode<0>_MLTSRCEDGE)
     OBUFT:I->O                2.571          Encode_0_OBUFT (Encode<0>)
    ----------------------------------------
    Total                      4.574ns (3.274ns logic, 1.300ns route)
                                       (71.6% logic, 28.4% route)

=========================================================================

Cross Clock Domains Report:
--------------------------

Clock to Setup on destination clock CLK
---------------+---------+---------+---------+---------+
               | Src:Rise| Src:Fall| Src:Rise| Src:Fall|
Source Clock   |Dest:Rise|Dest:Rise|Dest:Fall|Dest:Fall|
---------------+---------+---------+---------+---------+
CLK            |    1.334|         |         |         |
---------------+---------+---------+---------+---------+

Clock to Setup on destination clock eint/Q_G
---------------+---------+---------+---------+---------+
               | Src:Rise| Src:Fall| Src:Rise| Src:Fall|
Source Clock   |Dest:Rise|Dest:Rise|Dest:Fall|Dest:Fall|
---------------+---------+---------+---------+---------+
int/Q_G        |         |         |    1.357|         |
---------------+---------+---------+---------+---------+

Clock to Setup on destination clock int/Q_G
---------------+---------+---------+---------+---------+
               | Src:Rise| Src:Fall| Src:Rise| Src:Fall|
Source Clock   |Dest:Rise|Dest:Rise|Dest:Fall|Dest:Fall|
---------------+---------+---------+---------+---------+
CLK            |         |         |    2.765|         |
eint/Q_G       |         |         |    2.710|         |
---------------+---------+---------+---------+---------+

=========================================================================


Total REAL time to Xst completion: 6.00 secs
Total CPU time to Xst completion: 5.71 secs
 
--> 

Total memory usage is 252020 kilobytes

Number of errors   :    0 (   0 filtered)
Number of warnings :    9 (   0 filtered)
Number of infos    :    3 (   0 filtered)

